
> @streetui/renderer@2.4.0 build /home/error51/Downloads/StreetUI/packages/renderer
> tsup

CLI Building entry: src/index.ts
CLI Using tsconfig: tsconfig.json
CLI tsup v8.3.5
CLI Using tsup config: /home/error51/Downloads/StreetUI/packages/renderer/tsup.config.ts
CLI Target: es2022
CLI Cleaning output folder
ESM Build start
CJS Build start
CJS dist/index.cjs     56.45 KB
CJS dist/index.cjs.map 155.35 KB
CJS ⚡️ Build success in 31ms
ESM dist/index.js     53.85 KB
ESM dist/index.js.map 154.70 KB
ESM ⚡️ Build success in 32ms
DTS Build start
DTS ⚡️ Build success in 602ms
DTS dist/index.d.ts  31.83 KB
DTS dist/index.d.cts 31.83 KB
