

> @streetui/runtime@1.4.0 build /home/error51/Downloads/StreetUI/packages/runtime
> tsup

[34mCLI[39m Building entry: src/index.ts
[34mCLI[39m Using tsconfig: tsconfig.json
[34mCLI[39m tsup v8.3.5
[34mCLI[39m Using tsup config: /home/error51/Downloads/StreetUI/packages/runtime/tsup.config.ts
[34mCLI[39m Target: es2022
[34mCLI[39m Cleaning output folder
[34mESM[39m Build start
[34mCJS[39m Build start
[32mCJS[39m [1mdist/index.cjs     [22m[32m5.03 KB[39m
[32mCJS[39m [1mdist/index.cjs.map [22m[32m8.93 KB[39m
[32mCJS[39m ⚡️ Build success in 25ms
[32mESM[39m [1mdist/index.js     [22m[32m3.92 KB[39m
[32mESM[39m [1mdist/index.js.map [22m[32m8.77 KB[39m
[32mESM[39m ⚡️ Build success in 26ms
DTS Build start
DTS ⚡️ Build success in 595ms
DTS dist/index.d.ts  4.06 KB
DTS dist/index.d.cts 4.06 KB
