
> @streetui/context@1.0.0 build /home/error51/Downloads/StreetUI/packages/context
> tsup

CLI Building entry: src/index.ts
CLI Using tsconfig: tsconfig.json
CLI tsup v8.3.5
CLI Using tsup config: /home/error51/Downloads/StreetUI/packages/context/tsup.config.ts
CLI Target: es2022
CLI Cleaning output folder
ESM Build start
CJS Build start
CJS dist/index.cjs     1.54 KB
CJS dist/index.cjs.map 2.75 KB
CJS ⚡️ Build success in 10ms
ESM dist/index.js     542.00 B
ESM dist/index.js.map 2.66 KB
ESM ⚡️ Build success in 12ms
DTS Build start
DTS ⚡️ Build success in 508ms
DTS dist/index.d.ts  1.75 KB
DTS dist/index.d.cts 1.75 KB
