
> @streetui/core@2.6.0 build /home/error51/Downloads/StreetUI/packages/core
> tsup

CLI Building entry: src/index.ts
CLI Using tsconfig: tsconfig.json
CLI tsup v8.3.5
CLI Using tsup config: /home/error51/Downloads/StreetUI/packages/core/tsup.config.ts
CLI Target: es2022
CLI Cleaning output folder
ESM Build start
CJS Build start
CJS dist/index.cjs     11.98 KB
CJS dist/index.cjs.map 34.14 KB
CJS ⚡️ Build success in 17ms
ESM dist/index.js     10.04 KB
ESM dist/index.js.map 33.69 KB
ESM ⚡️ Build success in 17ms
DTS Build start
DTS ⚡️ Build success in 421ms
DTS dist/index.d.ts  16.33 KB
DTS dist/index.d.cts 16.33 KB
