
> @streetui/router@2.8.0 build /home/error51/Downloads/StreetUI/packages/router
> tsup

CLI Building entry: src/index.ts
CLI Using tsconfig: tsconfig.json
CLI tsup v8.3.5
CLI Using tsup config: /home/error51/Downloads/StreetUI/packages/router/tsup.config.ts
CLI Target: es2022
CLI Cleaning output folder
ESM Build start
CJS Build start
ESM dist/index.js     12.70 KB
ESM dist/index.js.map 35.50 KB
ESM ⚡️ Build success in 17ms
CJS dist/index.cjs     14.30 KB
CJS dist/index.cjs.map 36.32 KB
CJS ⚡️ Build success in 17ms
DTS Build start
DTS ⚡️ Build success in 469ms
DTS dist/index.d.ts  11.94 KB
DTS dist/index.d.cts 11.94 KB
