
> @streetui/dom@1.9.0 build /home/error51/Downloads/StreetUI/packages/dom
> tsup

CLI Building entry: src/index.ts
CLI Using tsconfig: tsconfig.json
CLI tsup v8.3.5
CLI Using tsup config: /home/error51/Downloads/StreetUI/packages/dom/tsup.config.ts
CLI Target: es2022
CLI Cleaning output folder
ESM Build start
CJS Build start
ESM dist/index.js     18.15 KB
ESM dist/index.js.map 46.45 KB
ESM ⚡️ Build success in 14ms
CJS dist/index.cjs     20.09 KB
CJS dist/index.cjs.map 46.84 KB
CJS ⚡️ Build success in 14ms
DTS Build start
DTS ⚡️ Build success in 433ms
DTS dist/index.d.ts  16.97 KB
DTS dist/index.d.cts 16.97 KB
