
> @streetui/compiler@1.6.1 build /home/error51/Downloads/StreetUI/packages/compiler
> tsup

CLI Building entry: src/diagnostics.ts, src/index.ts
CLI Using tsconfig: tsconfig.json
CLI tsup v8.3.5
CLI Using tsup config: /home/error51/Downloads/StreetUI/packages/compiler/tsup.config.ts
CLI Target: es2022
CLI Cleaning output folder
ESM Build start
CJS Build start
CJS dist/diagnostics.cjs     5.04 KB
CJS dist/index.cjs           4.71 KB
CJS dist/diagnostics.cjs.map 12.37 KB
CJS dist/index.cjs.map       8.98 KB
CJS ⚡️ Build success in 18ms
ESM dist/diagnostics.js     3.92 KB
ESM dist/index.js           3.60 KB
ESM dist/diagnostics.js.map 11.67 KB
ESM dist/index.js.map       8.83 KB
ESM ⚡️ Build success in 19ms
DTS Build start
DTS ⚡️ Build success in 598ms
DTS dist/diagnostics.d.ts  4.28 KB
DTS dist/index.d.ts        2.14 KB
DTS dist/diagnostics.d.cts 4.28 KB
DTS dist/index.d.cts       2.14 KB
