
> @streetui/state@2.5.0 build /home/error51/Downloads/StreetUI/packages/state
> tsup

CLI Building entry: src/index.ts
CLI Using tsconfig: tsconfig.json
CLI tsup v8.3.5
CLI Using tsup config: /home/error51/Downloads/StreetUI/packages/state/tsup.config.ts
CLI Target: es2022
CLI Cleaning output folder
ESM Build start
CJS Build start
CJS dist/index.cjs     15.81 KB
CJS dist/index.cjs.map 49.58 KB
CJS ⚡️ Build success in 17ms
ESM dist/index.js     14.36 KB
ESM dist/index.js.map 49.26 KB
ESM ⚡️ Build success in 17ms
DTS Build start
DTS ⚡️ Build success in 442ms
DTS dist/index.d.ts  20.54 KB
DTS dist/index.d.cts 20.54 KB
