

> @streetui/forms@1.4.0 build /home/error51/Downloads/StreetUI/packages/forms
> tsup

[34mCLI[39m Building entry: src/index.ts
[34mCLI[39m Using tsconfig: tsconfig.json
[34mCLI[39m tsup v8.3.5
[34mCLI[39m Using tsup config: /home/error51/Downloads/StreetUI/packages/forms/tsup.config.ts
[34mCLI[39m Target: es2022
[34mCLI[39m Cleaning output folder
[34mESM[39m Build start
[34mCJS[39m Build start
[32mESM[39m [1mdist/index.js     [22m[32m4.95 KB[39m
[32mESM[39m [1mdist/index.js.map [22m[32m15.16 KB[39m
[32mESM[39m ⚡️ Build success in 59ms
[32mCJS[39m [1mdist/index.cjs     [22m[32m6.42 KB[39m
[32mCJS[39m [1mdist/index.cjs.map [22m[32m15.30 KB[39m
[32mCJS[39m ⚡️ Build success in 60ms
DTS Build start
DTS ⚡️ Build success in 1268ms
DTS dist/index.d.ts  4.98 KB
DTS dist/index.d.cts 4.98 KB
