
> @streetui/devtools@1.9.0 build /home/error51/Downloads/StreetUI/packages/devtools
> tsup

CLI Building entry: src/index.ts
CLI Using tsconfig: tsconfig.json
CLI tsup v8.3.5
CLI Using tsup config: /home/error51/Downloads/StreetUI/packages/devtools/tsup.config.ts
CLI Target: es2022
CLI Cleaning output folder
ESM Build start
CJS Build start
CJS dist/index.cjs     15.42 KB
CJS dist/index.cjs.map 49.49 KB
CJS ⚡️ Build success in 20ms
ESM dist/index.js     13.78 KB
ESM dist/index.js.map 49.24 KB
ESM ⚡️ Build success in 20ms
DTS Build start
DTS ⚡️ Build success in 412ms
DTS dist/index.d.ts  21.51 KB
DTS dist/index.d.cts 21.51 KB
