
> @streetui/graph@1.9.0 build /home/error51/Downloads/StreetUI/packages/graph
> tsup

CLI Building entry: src/index.ts
CLI Using tsconfig: tsconfig.json
CLI tsup v8.3.5
CLI Using tsup config: /home/error51/Downloads/StreetUI/packages/graph/tsup.config.ts
CLI Target: es2022
CLI Cleaning output folder
ESM Build start
CJS Build start
CJS dist/index.cjs     8.59 KB
CJS dist/index.cjs.map 16.84 KB
CJS ⚡️ Build success in 14ms
ESM dist/index.js     7.53 KB
ESM dist/index.js.map 16.70 KB
ESM ⚡️ Build success in 14ms
DTS Build start
DTS ⚡️ Build success in 368ms
DTS dist/index.d.ts  4.83 KB
DTS dist/index.d.cts 4.83 KB
