
> @streetui/dsl@1.8.0 build /home/error51/Downloads/StreetUI/packages/dsl
> tsup

CLI Building entry: src/index.ts
CLI Using tsconfig: tsconfig.json
CLI tsup v8.3.5
CLI Using tsup config: /home/error51/Downloads/StreetUI/packages/dsl/tsup.config.ts
CLI Target: es2022
CLI Cleaning output folder
ESM Build start
CJS Build start
ESM dist/index.js     20.24 KB
ESM dist/index.js.map 51.32 KB
ESM ⚡️ Build success in 15ms
CJS dist/index.cjs     21.79 KB
CJS dist/index.cjs.map 51.55 KB
CJS ⚡️ Build success in 15ms
DTS Build start
DTS ⚡️ Build success in 534ms
DTS dist/index.d.ts  24.73 KB
DTS dist/index.d.cts 24.73 KB
