
> streetui@2.6.0 build /home/error51/Downloads/StreetUI/packages/streetui
> tsup && node scripts/scrub-dts.mjs

CLI Building entry: {"index":"src/index.ts","server":"src/server.ts","testing":"src/testing.ts","bin":"src/bin.ts","create-bin":"src/create-bin.ts"}
CLI Using tsconfig: tsconfig.build.json
CLI tsup v8.3.5
CLI Using tsup config: /home/error51/Downloads/StreetUI/packages/streetui/tsup.config.ts
CLI Target: es2022
CLI Cleaning output folder
ESM Build start
CJS Build start

 WARN  [33m▲ [43;33m[[43;30mWARNING[43;33m][0m [1m"import.meta" is not available with the "cjs" output format and will be empty[0m [empty-import-meta]

    ../cli/src/templates.ts:41:37:
[37m      41 │   const here = dirname(fileURLToPath([32mimport.meta[37m.url));
         ╵                                      [32m~~~~~~~~~~~[0m

  You need to set the output format to "esm" for "import.meta" to work correctly.



CJS dist/bin.cjs            30.58 KB
CJS dist/testing.cjs        130.90 KB
CJS dist/create-bin.cjs     30.69 KB
CJS dist/index.cjs          218.44 KB
CJS dist/server.cjs         60.41 KB
CJS dist/create-bin.cjs.map 75.41 KB
CJS dist/bin.cjs.map        75.28 KB
CJS dist/testing.cjs.map    363.82 KB
CJS dist/server.cjs.map     176.22 KB
CJS dist/index.cjs.map      604.29 KB
CJS ⚡️ Build success in 107ms
ESM dist/server.js         59.18 KB
ESM dist/create-bin.js     29.52 KB
ESM dist/testing.js        129.04 KB
ESM dist/bin.js            29.41 KB
ESM dist/index.js          210.29 KB
ESM dist/server.js.map     175.04 KB
ESM dist/create-bin.js.map 75.66 KB
ESM dist/bin.js.map        75.53 KB
ESM dist/testing.js.map    362.66 KB
ESM dist/index.js.map      599.94 KB
ESM ⚡️ Build success in 108ms
DTS Build start
DTS ⚡️ Build success in 2926ms
DTS dist/bin.d.ts                             20.00 B
DTS dist/testing.d.ts                         10.56 KB
DTS dist/index.d.ts                           127.70 KB
DTS dist/create-bin.d.ts                      20.00 B
DTS dist/server.d.ts                          257.00 B
DTS dist/renderer-interface-CmVlxE95.d.ts     935.00 B
DTS dist/hydration-diagnostics-D1GlzulR.d.ts  65.62 KB
DTS dist/server-BP651UK6.d.ts                 18.17 KB
DTS dist/bin.d.cts                            20.00 B
DTS dist/testing.d.cts                        10.57 KB
DTS dist/index.d.cts                          127.70 KB
DTS dist/create-bin.d.cts                     20.00 B
DTS dist/server.d.cts                         259.00 B
DTS dist/renderer-interface-BzLwBsyj.d.cts    936.00 B
DTS dist/hydration-diagnostics-D1GlzulR.d.cts 65.62 KB
DTS dist/server-LJGg4GyH.d.cts                18.17 KB
scrub-dts: cleaned 6 declaration file(s); no internal import leaks.
